// Jest Snapshot v1, https://goo.gl/fbAQLP

exports[`EventCard should match component snapshot 1`] = `
<article
  className="event-card"
  data-shown={false}
  data-testid="container"
  onMouseEnter={[Function]}
  onMouseLeave={[Function]}
>
  <div
    className="news-details"
  >
    <h3>
      SpaceX Cargo Dragon (CRS-17) Unberthing and Reentry
    </h3>
    <p>
      Event Type: 
      <span>
        Undocking
      </span>
       
    </p>
    <p>
      When: 
      <span>
        Jun 03 10:45 AM
      </span>
    </p>
    <p>
      Where: 
      <span>
        International Space Station
      </span>
    </p>
  </div>
</article>
`;
