// Jest Snapshot v1, https://goo.gl/fbAQLP

exports[`Page404 should match component snapshot 1`] = `
<section
  className="page-404"
>
  <h1>
    404 Error
  </h1>
  <h2>
    Page Not Found
  </h2>
  <div>
    <img
      alt="exploding rocket"
      src="exploding-rocket.gif"
    />
  </div>
  <Link
    to="/"
  >
    <span>
      Take Me Home
    </span>
  </Link>
</section>
`;
