// Jest Snapshot v1, https://goo.gl/fbAQLP

exports[`AstronautCard should match component snapshot 1`] = `
<article
  className="astronaut-card"
>
  <div
    className="image-side"
  >
    <img
      alt="Astronaut"
      src="default-astronaut.svg"
    />
    <button
      onClick={[Function]}
    >
      BIO
    </button>
  </div>
  <div
    className="details-side"
  >
    <h3>
      Gregory Olsen
    </h3>
    <p>
      DOB: 
      <span>
        1945-04-20
      </span>
    </p>
    <p>
      Status: 
      <span>
        Retired
      </span>
    </p>
    <p>
      Nationality: 
      <span>
        American
      </span>
    </p>
  </div>
</article>
`;

exports[`AstronautCard should match component snapshot for detailed card 1`] = `
<section
  className="astronaut-info"
>
  <div
    className="image-side"
  >
    <img
      alt="astronaut"
      src="default-astronaut.svg"
    />
    <h2>
      Gregory Olsen
    </h2>
  </div>
  <div
    className="details-side"
  >
    <p
      className="description"
    >
      Gregory Olsen (born April 20, 1945) is an American entrepreneur, engineer and scientist who, in October 2005, became the third private citizen to make a self-funded trip to the International Space Station with the company Space Adventures.
    </p>
    <article>
      <h3>
        Missions:
      </h3>
      <div
        key="0e886a0d-2e51-445b-bb5e-93b1f7083733"
      >
        <h3>
          Soyuz-FG | Soyuz TMA-7
        </h3>
        <p>
          For: 
          <span>
            Human Exploration
          </span>
        </p>
        <p>
          Orbit: 
          <span>
            LEO
          </span>
        </p>
        <p>
          When: 
          <span>
            Sep 30 2005
          </span>
        </p>
        <p>
          Where: 
          <span>
            Baikonur Cosmodrome, Republic of Kazakhstan
          </span>
        </p>
      </div>
    </article>
    <a
      href="https://en.wikipedia.org/wiki/Gregory_Olsen"
    >
      Wiki Link
    </a>
  </div>
</section>
`;
