// Jest Snapshot v1, https://goo.gl/fbAQLP

exports[`CategoryMenu should match component snapshot 1`] = `
<div
  className="menu-container"
  onMouseEnter={[Function]}
  onMouseLeave={[Function]}
>
  <p>
    Explore Space 
  </p>
</div>
`;

exports[`CategoryMenu should match snapshot with menu shown 1`] = `
<div
  className="menu-container"
  onMouseEnter={[Function]}
  onMouseLeave={[Function]}
>
  <p
    className="hovered"
  >
    Explore Space 
  </p>
  <nav>
    <NavLink
      activeClassName="is-active"
      style={
        Object {
          "borderBottom": "1px solid #9EA9F0",
          "color": "#FFEAFE",
          "padding": "5px",
          "textDecoration": "none",
        }
      }
      to="/about/rockets"
    >
      <span>
        Rockets
      </span>
    </NavLink>
    <NavLink
      activeClassName="is-active"
      style={
        Object {
          "borderBottom": "1px solid #9EA9F0",
          "color": "#FFEAFE",
          "padding": "5px",
          "textDecoration": "none",
        }
      }
      to="/about/astronauts"
    >
      <span>
        Astronauts
      </span>
    </NavLink>
    <NavLink
      activeClassName="is-active"
      style={
        Object {
          "borderBottom": "1px solid #9EA9F0",
          "color": "#FFEAFE",
          "padding": "5px",
          "textDecoration": "none",
        }
      }
      to="/about/space_stations"
    >
      <span>
        Space Stations
      </span>
    </NavLink>
    <NavLink
      activeClassName="is-active"
      style={
        Object {
          "borderBottom": "1px solid #9EA9F0",
          "color": "#FFEAFE",
          "padding": "5px",
          "textDecoration": "none",
        }
      }
      to="/about/orbiters"
    >
      <span>
        Orbiters
      </span>
    </NavLink>
    <NavLink
      activeClassName="is-active"
      style={
        Object {
          "borderBottom": "1px solid #9EA9F0",
          "color": "#FFEAFE",
          "padding": "5px",
          "textDecoration": "none",
        }
      }
      to="/about/launch_providers"
    >
      <span>
        Launch Providers
      </span>
    </NavLink>
    <Link
      style={
        Object {
          "borderBottom": "1px solid #9EA9F0",
          "color": "#FFEAFE",
          "padding": "5px",
          "textDecoration": "none",
        }
      }
      to="/"
    >
      <span>
        HOME
      </span>
    </Link>
  </nav>
</div>
`;
